[2025-12-30 14:35:44] FFmpeg found at: C:\Users\Owner\AppData\Local\Microsoft\WinGet\Links\ffmpeg.EXE
[2025-12-30 14:37:03] FFmpeg found at: C:\Users\Owner\AppData\Local\Microsoft\WinGet\Links\ffmpeg.EXE
[2025-12-30 14:37:04] Starting download for URL: https://youtu.be/mI14NFv_vCg?si=bFAUjHI_hlbeyg6f...
[2025-12-30 14:37:12] File already exists: new naat very best good bas meri nigahon me Qari ahsan mohsin saheb Â© copyright
[2025-12-30 14:37:17] FFmpeg found at: C:\Users\Owner\AppData\Local\Microsoft\WinGet\Links\ffmpeg.EXE
[2025-12-30 14:37:47] FFmpeg found at: C:\Users\Owner\AppData\Local\Microsoft\WinGet\Links\ffmpeg.EXE
[2025-12-30 14:37:47] Starting download for URL: https://youtu.be/mI14NFv_vCg?si=bFAUjHI_hlbeyg6f...
[2025-12-30 14:37:52] File already exists: new naat very best good bas meri nigahon me Qari ahsan mohsin saheb Â© copyright
[2025-12-30 14:38:00] FFmpeg found at: C:\Users\Owner\AppData\Local\Microsoft\WinGet\Links\ffmpeg.EXE
[2025-12-30 14:38:37] FFmpeg found at: C:\Users\Owner\AppData\Local\Microsoft\WinGet\Links\ffmpeg.EXE
[2025-12-30 14:38:37] Starting download for URL: https://youtube.com/playlist?list=PLKAKbmczjc2_02g8PmBOI_6lKmdngkOYm&si=j28tXr67vS4VVZCI...
[2025-12-30 14:40:12] FFmpeg found at: C:\Users\Owner\AppData\Local\Microsoft\WinGet\Links\ffmpeg.EXE
[2025-12-30 14:40:13] Cleanup completed: 0 files removed
[2025-12-30 14:41:36] Download error: [0;31mERROR:[0m [youtube] Mah4-EizVe4: Private video. Sign in if you've been granted access to this video. Use --cookies-from-browser or --cookies for the authentication. See  https://github.com/yt-dlp/yt-dlp/wiki/FAQ#how-do-i-pass-cookies-to-yt-dlp  for how to manually pass cookies. Also see  https://github.com/yt-dlp/yt-dlp/wiki/Extractors#exporting-youtube-cookies  for tips on effectively exporting YouTube cookies
[2025-12-30 14:41:39] FFmpeg found at: C:\Users\Owner\AppData\Local\Microsoft\WinGet\Links\ffmpeg.EXE
[2025-12-30 14:43:42] Cleanup completed: 0 files removed
[2025-12-30 14:43:42] FFmpeg found at: C:\Users\Owner\AppData\Local\Microsoft\WinGet\Links\ffmpeg.EXE
[2025-12-30 14:43:46] Cleanup completed: 0 files removed
[2025-12-31 13:21:12] FFmpeg found at: C:\Users\Owner\AppData\Local\Microsoft\WinGet\Links\ffmpeg.EXE
[2025-12-31 13:21:12] Node.js found at: C:\Program Files\nodejs\node.EXE
[2025-12-31 13:21:12] Node.js found at: C:\Program Files\nodejs\node.EXE
[2025-12-31 13:21:12] FFmpeg found at: C:\Users\Owner\AppData\Local\Microsoft\WinGet\Links\ffmpeg.EXE
[2025-12-31 13:21:13] Node.js found at: C:\Program Files\nodejs\node.EXE
[2025-12-31 13:21:13] FFmpeg found at: C:\Users\Owner\AppData\Local\Microsoft\WinGet\Links\ffmpeg.EXE
[2025-12-31 13:21:16] FFmpeg found at: C:\Users\Owner\AppData\Local\Microsoft\WinGet\Links\ffmpeg.EXE
[2025-12-31 13:21:16] Node.js found at: C:\Program Files\nodejs\node.EXE
[2025-12-31 13:21:16] Node.js found at: C:\Program Files\nodejs\node.EXE
[2025-12-31 13:21:17] FFmpeg found at: C:\Users\Owner\AppData\Local\Microsoft\WinGet\Links\ffmpeg.EXE
[2025-12-31 13:21:17] Node.js found at: C:\Program Files\nodejs\node.EXE
[2025-12-31 13:21:17] FFmpeg found at: C:\Users\Owner\AppData\Local\Microsoft\WinGet\Links\ffmpeg.EXE
[2025-12-31 13:21:49] Node.js found at: C:\Program Files\nodejs\node.EXE
[2025-12-31 13:21:49] FFmpeg found at: C:\Users\Owner\AppData\Local\Microsoft\WinGet\Links\ffmpeg.EXE
[2025-12-31 13:22:33] FFmpeg found at: C:\Users\Owner\AppData\Local\Microsoft\WinGet\Links\ffmpeg.EXE
[2025-12-31 13:22:33] Node.js found at: C:\Program Files\nodejs\node.EXE
[2025-12-31 13:22:35] Cleanup completed: 0 files removed
[2025-12-31 13:22:39] Node.js found at: C:\Program Files\nodejs\node.EXE
[2025-12-31 13:22:39] FFmpeg found at: C:\Users\Owner\AppData\Local\Microsoft\WinGet\Links\ffmpeg.EXE
[2025-12-31 13:22:58] FFmpeg found at: C:\Users\Owner\AppData\Local\Microsoft\WinGet\Links\ffmpeg.EXE
[2025-12-31 13:22:59] Node.js found at: C:\Program Files\nodejs\node.EXE
[2025-12-31 13:22:59] Using Node.js JavaScript runtime
[2025-12-31 13:23:43] FFmpeg found at: C:\Users\Owner\AppData\Local\Microsoft\WinGet\Links\ffmpeg.EXE
[2025-12-31 13:23:44] Node.js found at: C:\Program Files\nodejs\node.EXE
[2025-12-31 13:23:44] Using Node.js JavaScript runtime
[2025-12-31 13:23:44] FFmpeg found at: C:\Users\Owner\AppData\Local\Microsoft\WinGet\Links\ffmpeg.EXE
[2025-12-31 13:23:44] Node.js found at: C:\Program Files\nodejs\node.EXE
[2025-12-31 13:23:44] Using Node.js JavaScript runtime
[2025-12-31 13:24:21] FFmpeg found at: C:\Users\Owner\AppData\Local\Microsoft\WinGet\Links\ffmpeg.EXE
[2025-12-31 13:24:21] Node.js found at: C:\Program Files\nodejs\node.EXE
[2025-12-31 13:24:21] Using Node.js JavaScript runtime
[2025-12-31 13:24:36] FFmpeg found at: C:\Users\Owner\AppData\Local\Microsoft\WinGet\Links\ffmpeg.EXE
[2025-12-31 13:24:36] Node.js found at: C:\Program Files\nodejs\node.EXE
[2025-12-31 13:24:36] Using Node.js JavaScript runtime
[2025-12-31 13:24:36] FFmpeg found at: C:\Users\Owner\AppData\Local\Microsoft\WinGet\Links\ffmpeg.EXE
[2025-12-31 13:24:36] Node.js found at: C:\Program Files\nodejs\node.EXE
[2025-12-31 13:24:36] Using Node.js JavaScript runtime
[2025-12-31 13:24:36] FFmpeg found at: C:\Users\Owner\AppData\Local\Microsoft\WinGet\Links\ffmpeg.EXE
[2025-12-31 13:24:37] Node.js found at: C:\Program Files\nodejs\node.EXE
[2025-12-31 13:24:37] Using Node.js JavaScript runtime
[2025-12-31 13:31:01] Starting download for URL: https://youtu.be/mI14NFv_vCg?si=bFAUjHI_hlbeyg6f
[2025-12-31 13:31:01] Using Node.js JavaScript runtime
[2025-12-31 13:31:02] ERROR: Download error: Invalid js_runtimes format, expected a dict of {runtime: {config}}
Exception: Invalid js_runtimes format, expected a dict of {runtime: {config}}
Traceback: Traceback (most recent call last):
  File "f:\Projects\Youtube Video Dowonloader\MP3 Formate\flask_application\app.py", line 232, in download_audio
    with yt_dlp.YoutubeDL(ydl_opts) as ydl:
         ^^^^^^^^^^^^^^^^^^^^^^^^^^
  File "C:\Users\Owner\AppData\Local\Programs\Python\Python312\Lib\site-packages\yt_dlp\YoutubeDL.py", line 736, in __init__
    self._clean_js_runtimes(self.params['js_runtimes'])
  File "C:\Users\Owner\AppData\Local\Programs\Python\Python312\Lib\site-packages\yt_dlp\YoutubeDL.py", line 858, in _clean_js_runtimes
    raise ValueError('Invalid js_runtimes format, expected a dict of {runtime: {config}}')
ValueError: Invalid js_runtimes format, expected a dict of {runtime: {config}}

[2025-12-31 13:31:02] ERROR: Download route error: Video extraction issue. Please try again or use a different video.
Exception: Video extraction issue. Please try again or use a different video.
Traceback: Traceback (most recent call last):
  File "f:\Projects\Youtube Video Dowonloader\MP3 Formate\flask_application\app.py", line 232, in download_audio
    with yt_dlp.YoutubeDL(ydl_opts) as ydl:
         ^^^^^^^^^^^^^^^^^^^^^^^^^^
  File "C:\Users\Owner\AppData\Local\Programs\Python\Python312\Lib\site-packages\yt_dlp\YoutubeDL.py", line 736, in __init__
    self._clean_js_runtimes(self.params['js_runtimes'])
  File "C:\Users\Owner\AppData\Local\Programs\Python\Python312\Lib\site-packages\yt_dlp\YoutubeDL.py", line 858, in _clean_js_runtimes
    raise ValueError('Invalid js_runtimes format, expected a dict of {runtime: {config}}')
ValueError: Invalid js_runtimes format, expected a dict of {runtime: {config}}

During handling of the above exception, another exception occurred:

Traceback (most recent call last):
  File "f:\Projects\Youtube Video Dowonloader\MP3 Formate\flask_application\app.py", line 348, in download
    result = download_audio(url)
             ^^^^^^^^^^^^^^^^^^^
  File "f:\Projects\Youtube Video Dowonloader\MP3 Formate\flask_application\app.py", line 303, in download_audio
    raise Exception("Video extraction issue. Please try again or use a different video.")
Exception: Video extraction issue. Please try again or use a different video.

[2025-12-31 13:31:09] Starting download for URL: https://youtube.com/playlist?list=PLKAKbmczjc2_02g8PmBOI_6lKmdngkOYm&si=j28tXr67vS4VVZCI
[2025-12-31 13:31:09] Using Node.js JavaScript runtime
[2025-12-31 13:31:09] ERROR: Download error: Invalid js_runtimes format, expected a dict of {runtime: {config}}
Exception: Invalid js_runtimes format, expected a dict of {runtime: {config}}
Traceback: Traceback (most recent call last):
  File "f:\Projects\Youtube Video Dowonloader\MP3 Formate\flask_application\app.py", line 232, in download_audio
    with yt_dlp.YoutubeDL(ydl_opts) as ydl:
         ^^^^^^^^^^^^^^^^^^^^^^^^^^
  File "C:\Users\Owner\AppData\Local\Programs\Python\Python312\Lib\site-packages\yt_dlp\YoutubeDL.py", line 736, in __init__
    self._clean_js_runtimes(self.params['js_runtimes'])
  File "C:\Users\Owner\AppData\Local\Programs\Python\Python312\Lib\site-packages\yt_dlp\YoutubeDL.py", line 858, in _clean_js_runtimes
    raise ValueError('Invalid js_runtimes format, expected a dict of {runtime: {config}}')
ValueError: Invalid js_runtimes format, expected a dict of {runtime: {config}}

[2025-12-31 13:31:09] Starting download for URL: https://youtube.com/playlist?list=PLKAKbmczjc2_02g8PmBOI_6lKmdngkOYm&si=j28tXr67vS4VVZCI
[2025-12-31 13:31:09] Using Node.js JavaScript runtime
[2025-12-31 13:31:09] ERROR: Download error: Invalid js_runtimes format, expected a dict of {runtime: {config}}
Exception: Invalid js_runtimes format, expected a dict of {runtime: {config}}
Traceback: Traceback (most recent call last):
  File "f:\Projects\Youtube Video Dowonloader\MP3 Formate\flask_application\app.py", line 232, in download_audio
    with yt_dlp.YoutubeDL(ydl_opts) as ydl:
         ^^^^^^^^^^^^^^^^^^^^^^^^^^
  File "C:\Users\Owner\AppData\Local\Programs\Python\Python312\Lib\site-packages\yt_dlp\YoutubeDL.py", line 736, in __init__
    self._clean_js_runtimes(self.params['js_runtimes'])
  File "C:\Users\Owner\AppData\Local\Programs\Python\Python312\Lib\site-packages\yt_dlp\YoutubeDL.py", line 858, in _clean_js_runtimes
    raise ValueError('Invalid js_runtimes format, expected a dict of {runtime: {config}}')
ValueError: Invalid js_runtimes format, expected a dict of {runtime: {config}}

[2025-12-31 13:31:09] Starting download for URL: https://youtu.be/mI14NFv_vCg?si=bFAUjHI_hlbeyg6f
[2025-12-31 13:31:09] Using Node.js JavaScript runtime
[2025-12-31 13:31:09] ERROR: Download error: Invalid js_runtimes format, expected a dict of {runtime: {config}}
Exception: Invalid js_runtimes format, expected a dict of {runtime: {config}}
Traceback: Traceback (most recent call last):
  File "f:\Projects\Youtube Video Dowonloader\MP3 Formate\flask_application\app.py", line 232, in download_audio
    with yt_dlp.YoutubeDL(ydl_opts) as ydl:
         ^^^^^^^^^^^^^^^^^^^^^^^^^^
  File "C:\Users\Owner\AppData\Local\Programs\Python\Python312\Lib\site-packages\yt_dlp\YoutubeDL.py", line 736, in __init__
    self._clean_js_runtimes(self.params['js_runtimes'])
  File "C:\Users\Owner\AppData\Local\Programs\Python\Python312\Lib\site-packages\yt_dlp\YoutubeDL.py", line 858, in _clean_js_runtimes
    raise ValueError('Invalid js_runtimes format, expected a dict of {runtime: {config}}')
ValueError: Invalid js_runtimes format, expected a dict of {runtime: {config}}

[2025-12-31 13:31:13] Starting download for URL: https://youtube.com/playlist?list=PLKAKbmczjc2_02g8PmBOI_6lKmdngkOYm&si=j28tXr67vS4VVZCI
[2025-12-31 13:31:13] Using Node.js JavaScript runtime
[2025-12-31 13:31:13] ERROR: Download error: Invalid js_runtimes format, expected a dict of {runtime: {config}}
Exception: Invalid js_runtimes format, expected a dict of {runtime: {config}}
Traceback: Traceback (most recent call last):
  File "f:\Projects\Youtube Video Dowonloader\MP3 Formate\flask_application\app.py", line 232, in download_audio
    with yt_dlp.YoutubeDL(ydl_opts) as ydl:
         ^^^^^^^^^^^^^^^^^^^^^^^^^^
  File "C:\Users\Owner\AppData\Local\Programs\Python\Python312\Lib\site-packages\yt_dlp\YoutubeDL.py", line 736, in __init__
    self._clean_js_runtimes(self.params['js_runtimes'])
  File "C:\Users\Owner\AppData\Local\Programs\Python\Python312\Lib\site-packages\yt_dlp\YoutubeDL.py", line 858, in _clean_js_runtimes
    raise ValueError('Invalid js_runtimes format, expected a dict of {runtime: {config}}')
ValueError: Invalid js_runtimes format, expected a dict of {runtime: {config}}

[2025-12-31 13:31:13] Starting download for URL: https://youtube.com/playlist?list=PLKAKbmczjc2_02g8PmBOI_6lKmdngkOYm&si=j28tXr67vS4VVZCI
[2025-12-31 13:31:13] Using Node.js JavaScript runtime
[2025-12-31 13:31:13] ERROR: Download error: Invalid js_runtimes format, expected a dict of {runtime: {config}}
Exception: Invalid js_runtimes format, expected a dict of {runtime: {config}}
Traceback: Traceback (most recent call last):
  File "f:\Projects\Youtube Video Dowonloader\MP3 Formate\flask_application\app.py", line 232, in download_audio
    with yt_dlp.YoutubeDL(ydl_opts) as ydl:
         ^^^^^^^^^^^^^^^^^^^^^^^^^^
  File "C:\Users\Owner\AppData\Local\Programs\Python\Python312\Lib\site-packages\yt_dlp\YoutubeDL.py", line 736, in __init__
    self._clean_js_runtimes(self.params['js_runtimes'])
  File "C:\Users\Owner\AppData\Local\Programs\Python\Python312\Lib\site-packages\yt_dlp\YoutubeDL.py", line 858, in _clean_js_runtimes
    raise ValueError('Invalid js_runtimes format, expected a dict of {runtime: {config}}')
ValueError: Invalid js_runtimes format, expected a dict of {runtime: {config}}

[2025-12-31 13:31:14] Starting download for URL: https://youtu.be/mI14NFv_vCg?si=bFAUjHI_hlbeyg6f
[2025-12-31 13:31:14] Using Node.js JavaScript runtime
[2025-12-31 13:31:14] ERROR: Download error: Invalid js_runtimes format, expected a dict of {runtime: {config}}
Exception: Invalid js_runtimes format, expected a dict of {runtime: {config}}
Traceback: Traceback (most recent call last):
  File "f:\Projects\Youtube Video Dowonloader\MP3 Formate\flask_application\app.py", line 232, in download_audio
    with yt_dlp.YoutubeDL(ydl_opts) as ydl:
         ^^^^^^^^^^^^^^^^^^^^^^^^^^
  File "C:\Users\Owner\AppData\Local\Programs\Python\Python312\Lib\site-packages\yt_dlp\YoutubeDL.py", line 736, in __init__
    self._clean_js_runtimes(self.params['js_runtimes'])
  File "C:\Users\Owner\AppData\Local\Programs\Python\Python312\Lib\site-packages\yt_dlp\YoutubeDL.py", line 858, in _clean_js_runtimes
    raise ValueError('Invalid js_runtimes format, expected a dict of {runtime: {config}}')
ValueError: Invalid js_runtimes format, expected a dict of {runtime: {config}}

[2025-12-31 13:31:48] Starting download for URL: https://youtu.be/mI14NFv_vCg?si=bFAUjHI_hlbeyg6f
[2025-12-31 13:31:48] Using Node.js JavaScript runtime
[2025-12-31 13:31:48] ERROR: Download error: Invalid js_runtimes format, expected a dict of {runtime: {config}}
Exception: Invalid js_runtimes format, expected a dict of {runtime: {config}}
Traceback: Traceback (most recent call last):
  File "f:\Projects\Youtube Video Dowonloader\MP3 Formate\flask_application\app.py", line 232, in download_audio
    with yt_dlp.YoutubeDL(ydl_opts) as ydl:
         ^^^^^^^^^^^^^^^^^^^^^^^^^^
  File "C:\Users\Owner\AppData\Local\Programs\Python\Python312\Lib\site-packages\yt_dlp\YoutubeDL.py", line 736, in __init__
    self._clean_js_runtimes(self.params['js_runtimes'])
  File "C:\Users\Owner\AppData\Local\Programs\Python\Python312\Lib\site-packages\yt_dlp\YoutubeDL.py", line 858, in _clean_js_runtimes
    raise ValueError('Invalid js_runtimes format, expected a dict of {runtime: {config}}')
ValueError: Invalid js_runtimes format, expected a dict of {runtime: {config}}

[2025-12-31 13:31:48] ERROR: Download route error: Video extraction issue. Please try again or use a different video.
Exception: Video extraction issue. Please try again or use a different video.
Traceback: Traceback (most recent call last):
  File "f:\Projects\Youtube Video Dowonloader\MP3 Formate\flask_application\app.py", line 232, in download_audio
    with yt_dlp.YoutubeDL(ydl_opts) as ydl:
         ^^^^^^^^^^^^^^^^^^^^^^^^^^
  File "C:\Users\Owner\AppData\Local\Programs\Python\Python312\Lib\site-packages\yt_dlp\YoutubeDL.py", line 736, in __init__
    self._clean_js_runtimes(self.params['js_runtimes'])
  File "C:\Users\Owner\AppData\Local\Programs\Python\Python312\Lib\site-packages\yt_dlp\YoutubeDL.py", line 858, in _clean_js_runtimes
    raise ValueError('Invalid js_runtimes format, expected a dict of {runtime: {config}}')
ValueError: Invalid js_runtimes format, expected a dict of {runtime: {config}}

During handling of the above exception, another exception occurred:

Traceback (most recent call last):
  File "f:\Projects\Youtube Video Dowonloader\MP3 Formate\flask_application\app.py", line 348, in download
    result = download_audio(url)
             ^^^^^^^^^^^^^^^^^^^
  File "f:\Projects\Youtube Video Dowonloader\MP3 Formate\flask_application\app.py", line 303, in download_audio
    raise Exception("Video extraction issue. Please try again or use a different video.")
Exception: Video extraction issue. Please try again or use a different video.

[2025-12-31 13:31:59] Starting download for URL: https://youtu.be/mI14NFv_vCg?si=bFAUjHI_hlbeyg6f
[2025-12-31 13:31:59] Using Node.js JavaScript runtime
[2025-12-31 13:31:59] ERROR: Download error: Invalid js_runtimes format, expected a dict of {runtime: {config}}
Exception: Invalid js_runtimes format, expected a dict of {runtime: {config}}
Traceback: Traceback (most recent call last):
  File "f:\Projects\Youtube Video Dowonloader\MP3 Formate\flask_application\app.py", line 232, in download_audio
    with yt_dlp.YoutubeDL(ydl_opts) as ydl:
         ^^^^^^^^^^^^^^^^^^^^^^^^^^
  File "C:\Users\Owner\AppData\Local\Programs\Python\Python312\Lib\site-packages\yt_dlp\YoutubeDL.py", line 736, in __init__
    self._clean_js_runtimes(self.params['js_runtimes'])
  File "C:\Users\Owner\AppData\Local\Programs\Python\Python312\Lib\site-packages\yt_dlp\YoutubeDL.py", line 858, in _clean_js_runtimes
    raise ValueError('Invalid js_runtimes format, expected a dict of {runtime: {config}}')
ValueError: Invalid js_runtimes format, expected a dict of {runtime: {config}}

[2025-12-31 13:31:59] ERROR: Download route error: Video extraction issue. Please try again or use a different video.
Exception: Video extraction issue. Please try again or use a different video.
Traceback: Traceback (most recent call last):
  File "f:\Projects\Youtube Video Dowonloader\MP3 Formate\flask_application\app.py", line 232, in download_audio
    with yt_dlp.YoutubeDL(ydl_opts) as ydl:
         ^^^^^^^^^^^^^^^^^^^^^^^^^^
  File "C:\Users\Owner\AppData\Local\Programs\Python\Python312\Lib\site-packages\yt_dlp\YoutubeDL.py", line 736, in __init__
    self._clean_js_runtimes(self.params['js_runtimes'])
  File "C:\Users\Owner\AppData\Local\Programs\Python\Python312\Lib\site-packages\yt_dlp\YoutubeDL.py", line 858, in _clean_js_runtimes
    raise ValueError('Invalid js_runtimes format, expected a dict of {runtime: {config}}')
ValueError: Invalid js_runtimes format, expected a dict of {runtime: {config}}

During handling of the above exception, another exception occurred:

Traceback (most recent call last):
  File "f:\Projects\Youtube Video Dowonloader\MP3 Formate\flask_application\app.py", line 348, in download
    result = download_audio(url)
             ^^^^^^^^^^^^^^^^^^^
  File "f:\Projects\Youtube Video Dowonloader\MP3 Formate\flask_application\app.py", line 303, in download_audio
    raise Exception("Video extraction issue. Please try again or use a different video.")
Exception: Video extraction issue. Please try again or use a different video.

[2025-12-31 13:37:17] Trying simple download for: https://youtube.com/playlist?list=PLKAKbmczjc2_02g8PmBOI_6lKmdngkOYm&si=j28tXr67vS4VVZCI
[2025-12-31 13:40:04] ERROR: Simple download error: [0;31mERROR:[0m [youtube] Mah4-EizVe4: Private video. Sign in if you've been granted access to this video. Use --cookies-from-browser or --cookies for the authentication. See  https://github.com/yt-dlp/yt-dlp/wiki/FAQ#how-do-i-pass-cookies-to-yt-dlp  for how to manually pass cookies. Also see  https://github.com/yt-dlp/yt-dlp/wiki/Extractors#exporting-youtube-cookies  for tips on effectively exporting YouTube cookies
Exception: [0;31mERROR:[0m [youtube] Mah4-EizVe4: Private video. Sign in if you've been granted access to this video. Use --cookies-from-browser or --cookies for the authentication. See  https://github.com/yt-dlp/yt-dlp/wiki/FAQ#how-do-i-pass-cookies-to-yt-dlp  for how to manually pass cookies. Also see  https://github.com/yt-dlp/yt-dlp/wiki/Extractors#exporting-youtube-cookies  for tips on effectively exporting YouTube cookies
Traceback: Traceback (most recent call last):
  File "C:\Users\Owner\AppData\Local\Programs\Python\Python312\Lib\site-packages\yt_dlp\YoutubeDL.py", line 1696, in wrapper
    return func(self, *args, **kwargs)
           ^^^^^^^^^^^^^^^^^^^^^^^^^^^
  File "C:\Users\Owner\AppData\Local\Programs\Python\Python312\Lib\site-packages\yt_dlp\YoutubeDL.py", line 1831, in __extract_info
    ie_result = ie.extract(url)
                ^^^^^^^^^^^^^^^
  File "C:\Users\Owner\AppData\Local\Programs\Python\Python312\Lib\site-packages\yt_dlp\extractor\common.py", line 762, in extract
    ie_result = self._real_extract(url)
                ^^^^^^^^^^^^^^^^^^^^^^^
  File "C:\Users\Owner\AppData\Local\Programs\Python\Python312\Lib\site-packages\yt_dlp\extractor\youtube\_video.py", line 3910, in _real_extract
    self.raise_no_formats(reason, expected=True)
  File "C:\Users\Owner\AppData\Local\Programs\Python\Python312\Lib\site-packages\yt_dlp\extractor\common.py", line 1274, in raise_no_formats
    raise ExtractorError(msg, expected=expected, video_id=video_id)
yt_dlp.utils.ExtractorError: [youtube] Mah4-EizVe4: Private video. Sign in if you've been granted access to this video. Use --cookies-from-browser or --cookies for the authentication. See  https://github.com/yt-dlp/yt-dlp/wiki/FAQ#how-do-i-pass-cookies-to-yt-dlp  for how to manually pass cookies. Also see  https://github.com/yt-dlp/yt-dlp/wiki/Extractors#exporting-youtube-cookies  for tips on effectively exporting YouTube cookies

During handling of the above exception, another exception occurred:

Traceback (most recent call last):
  File "f:\Projects\Youtube Video Dowonloader\MP3 Formate\flask_application\app.py", line 337, in download_audio_simple
    info = ydl.extract_info(url, download=False)
           ^^^^^^^^^^^^^^^^^^^^^^^^^^^^^^^^^^^^^
  File "C:\Users\Owner\AppData\Local\Programs\Python\Python312\Lib\site-packages\yt_dlp\YoutubeDL.py", line 1685, in extract_info
    return self.__extract_info(url, self.get_info_extractor(key), download, extra_info, process)
           ^^^^^^^^^^^^^^^^^^^^^^^^^^^^^^^^^^^^^^^^^^^^^^^^^^^^^^^^^^^^^^^^^^^^^^^^^^^^^^^^^^^^^
  File "C:\Users\Owner\AppData\Local\Programs\Python\Python312\Lib\site-packages\yt_dlp\YoutubeDL.py", line 1696, in wrapper
    return func(self, *args, **kwargs)
           ^^^^^^^^^^^^^^^^^^^^^^^^^^^
  File "C:\Users\Owner\AppData\Local\Programs\Python\Python312\Lib\site-packages\yt_dlp\YoutubeDL.py", line 1852, in __extract_info
    return self.process_ie_result(ie_result, download, extra_info)
           ^^^^^^^^^^^^^^^^^^^^^^^^^^^^^^^^^^^^^^^^^^^^^^^^^^^^^^^
  File "C:\Users\Owner\AppData\Local\Programs\Python\Python312\Lib\site-packages\yt_dlp\YoutubeDL.py", line 1981, in process_ie_result
    return self.__process_playlist(ie_result, download)
           ^^^^^^^^^^^^^^^^^^^^^^^^^^^^^^^^^^^^^^^^^^^^
  File "C:\Users\Owner\AppData\Local\Programs\Python\Python312\Lib\site-packages\yt_dlp\YoutubeDL.py", line 2129, in __process_playlist
    entry_result = self.__process_iterable_entry(entry, download, collections.ChainMap({
                   ^^^^^^^^^^^^^^^^^^^^^^^^^^^^^^^^^^^^^^^^^^^^^^^^^^^^^^^^^^^^^^^^^^^^^
  File "C:\Users\Owner\AppData\Local\Programs\Python\Python312\Lib\site-packages\yt_dlp\YoutubeDL.py", line 1696, in wrapper
    return func(self, *args, **kwargs)
           ^^^^^^^^^^^^^^^^^^^^^^^^^^^
  File "C:\Users\Owner\AppData\Local\Programs\Python\Python312\Lib\site-packages\yt_dlp\YoutubeDL.py", line 2161, in __process_iterable_entry
    return self.process_ie_result(
           ^^^^^^^^^^^^^^^^^^^^^^^
  File "C:\Users\Owner\AppData\Local\Programs\Python\Python312\Lib\site-packages\yt_dlp\YoutubeDL.py", line 1931, in process_ie_result
    return self.extract_info(
           ^^^^^^^^^^^^^^^^^^
  File "C:\Users\Owner\AppData\Local\Programs\Python\Python312\Lib\site-packages\yt_dlp\YoutubeDL.py", line 1685, in extract_info
    return self.__extract_info(url, self.get_info_extractor(key), download, extra_info, process)
           ^^^^^^^^^^^^^^^^^^^^^^^^^^^^^^^^^^^^^^^^^^^^^^^^^^^^^^^^^^^^^^^^^^^^^^^^^^^^^^^^^^^^^
  File "C:\Users\Owner\AppData\Local\Programs\Python\Python312\Lib\site-packages\yt_dlp\YoutubeDL.py", line 1714, in wrapper
    self.report_error(str(e), e.format_traceback())
  File "C:\Users\Owner\AppData\Local\Programs\Python\Python312\Lib\site-packages\yt_dlp\YoutubeDL.py", line 1154, in report_error
    self.trouble(f'{self._format_err("ERROR:", self.Styles.ERROR)} {message}', *args, **kwargs)
  File "C:\Users\Owner\AppData\Local\Programs\Python\Python312\Lib\site-packages\yt_dlp\YoutubeDL.py", line 1093, in trouble
    raise DownloadError(message, exc_info)
yt_dlp.utils.DownloadError: [0;31mERROR:[0m [youtube] Mah4-EizVe4: Private video. Sign in if you've been granted access to this video. Use --cookies-from-browser or --cookies for the authentication. See  https://github.com/yt-dlp/yt-dlp/wiki/FAQ#how-do-i-pass-cookies-to-yt-dlp  for how to manually pass cookies. Also see  https://github.com/yt-dlp/yt-dlp/wiki/Extractors#exporting-youtube-cookies  for tips on effectively exporting YouTube cookies

[2025-12-31 13:40:04] ERROR: Download route error: Download failed: [0;31mERROR:[0m [youtube] Mah4-EizVe4: Private video. Sign in if you've been granted access to thi
Exception: Download failed: [0;31mERROR:[0m [youtube] Mah4-EizVe4: Private video. Sign in if you've been granted access to thi
Traceback: Traceback (most recent call last):
  File "C:\Users\Owner\AppData\Local\Programs\Python\Python312\Lib\site-packages\yt_dlp\YoutubeDL.py", line 1696, in wrapper
    return func(self, *args, **kwargs)
           ^^^^^^^^^^^^^^^^^^^^^^^^^^^
  File "C:\Users\Owner\AppData\Local\Programs\Python\Python312\Lib\site-packages\yt_dlp\YoutubeDL.py", line 1831, in __extract_info
    ie_result = ie.extract(url)
                ^^^^^^^^^^^^^^^
  File "C:\Users\Owner\AppData\Local\Programs\Python\Python312\Lib\site-packages\yt_dlp\extractor\common.py", line 762, in extract
    ie_result = self._real_extract(url)
                ^^^^^^^^^^^^^^^^^^^^^^^
  File "C:\Users\Owner\AppData\Local\Programs\Python\Python312\Lib\site-packages\yt_dlp\extractor\youtube\_video.py", line 3910, in _real_extract
    self.raise_no_formats(reason, expected=True)
  File "C:\Users\Owner\AppData\Local\Programs\Python\Python312\Lib\site-packages\yt_dlp\extractor\common.py", line 1274, in raise_no_formats
    raise ExtractorError(msg, expected=expected, video_id=video_id)
yt_dlp.utils.ExtractorError: [youtube] Mah4-EizVe4: Private video. Sign in if you've been granted access to this video. Use --cookies-from-browser or --cookies for the authentication. See  https://github.com/yt-dlp/yt-dlp/wiki/FAQ#how-do-i-pass-cookies-to-yt-dlp  for how to manually pass cookies. Also see  https://github.com/yt-dlp/yt-dlp/wiki/Extractors#exporting-youtube-cookies  for tips on effectively exporting YouTube cookies

During handling of the above exception, another exception occurred:

Traceback (most recent call last):
  File "f:\Projects\Youtube Video Dowonloader\MP3 Formate\flask_application\app.py", line 337, in download_audio_simple
    info = ydl.extract_info(url, download=False)
           ^^^^^^^^^^^^^^^^^^^^^^^^^^^^^^^^^^^^^
  File "C:\Users\Owner\AppData\Local\Programs\Python\Python312\Lib\site-packages\yt_dlp\YoutubeDL.py", line 1685, in extract_info
    return self.__extract_info(url, self.get_info_extractor(key), download, extra_info, process)
           ^^^^^^^^^^^^^^^^^^^^^^^^^^^^^^^^^^^^^^^^^^^^^^^^^^^^^^^^^^^^^^^^^^^^^^^^^^^^^^^^^^^^^
  File "C:\Users\Owner\AppData\Local\Programs\Python\Python312\Lib\site-packages\yt_dlp\YoutubeDL.py", line 1696, in wrapper
    return func(self, *args, **kwargs)
           ^^^^^^^^^^^^^^^^^^^^^^^^^^^
  File "C:\Users\Owner\AppData\Local\Programs\Python\Python312\Lib\site-packages\yt_dlp\YoutubeDL.py", line 1852, in __extract_info
    return self.process_ie_result(ie_result, download, extra_info)
           ^^^^^^^^^^^^^^^^^^^^^^^^^^^^^^^^^^^^^^^^^^^^^^^^^^^^^^^
  File "C:\Users\Owner\AppData\Local\Programs\Python\Python312\Lib\site-packages\yt_dlp\YoutubeDL.py", line 1981, in process_ie_result
    return self.__process_playlist(ie_result, download)
           ^^^^^^^^^^^^^^^^^^^^^^^^^^^^^^^^^^^^^^^^^^^^
  File "C:\Users\Owner\AppData\Local\Programs\Python\Python312\Lib\site-packages\yt_dlp\YoutubeDL.py", line 2129, in __process_playlist
    entry_result = self.__process_iterable_entry(entry, download, collections.ChainMap({
                   ^^^^^^^^^^^^^^^^^^^^^^^^^^^^^^^^^^^^^^^^^^^^^^^^^^^^^^^^^^^^^^^^^^^^^
  File "C:\Users\Owner\AppData\Local\Programs\Python\Python312\Lib\site-packages\yt_dlp\YoutubeDL.py", line 1696, in wrapper
    return func(self, *args, **kwargs)
           ^^^^^^^^^^^^^^^^^^^^^^^^^^^
  File "C:\Users\Owner\AppData\Local\Programs\Python\Python312\Lib\site-packages\yt_dlp\YoutubeDL.py", line 2161, in __process_iterable_entry
    return self.process_ie_result(
           ^^^^^^^^^^^^^^^^^^^^^^^
  File "C:\Users\Owner\AppData\Local\Programs\Python\Python312\Lib\site-packages\yt_dlp\YoutubeDL.py", line 1931, in process_ie_result
    return self.extract_info(
           ^^^^^^^^^^^^^^^^^^
  File "C:\Users\Owner\AppData\Local\Programs\Python\Python312\Lib\site-packages\yt_dlp\YoutubeDL.py", line 1685, in extract_info
    return self.__extract_info(url, self.get_info_extractor(key), download, extra_info, process)
           ^^^^^^^^^^^^^^^^^^^^^^^^^^^^^^^^^^^^^^^^^^^^^^^^^^^^^^^^^^^^^^^^^^^^^^^^^^^^^^^^^^^^^
  File "C:\Users\Owner\AppData\Local\Programs\Python\Python312\Lib\site-packages\yt_dlp\YoutubeDL.py", line 1714, in wrapper
    self.report_error(str(e), e.format_traceback())
  File "C:\Users\Owner\AppData\Local\Programs\Python\Python312\Lib\site-packages\yt_dlp\YoutubeDL.py", line 1154, in report_error
    self.trouble(f'{self._format_err("ERROR:", self.Styles.ERROR)} {message}', *args, **kwargs)
  File "C:\Users\Owner\AppData\Local\Programs\Python\Python312\Lib\site-packages\yt_dlp\YoutubeDL.py", line 1093, in trouble
    raise DownloadError(message, exc_info)
yt_dlp.utils.DownloadError: [0;31mERROR:[0m [youtube] Mah4-EizVe4: Private video. Sign in if you've been granted access to this video. Use --cookies-from-browser or --cookies for the authentication. See  https://github.com/yt-dlp/yt-dlp/wiki/FAQ#how-do-i-pass-cookies-to-yt-dlp  for how to manually pass cookies. Also see  https://github.com/yt-dlp/yt-dlp/wiki/Extractors#exporting-youtube-cookies  for tips on effectively exporting YouTube cookies

During handling of the above exception, another exception occurred:

Traceback (most recent call last):
  File "f:\Projects\Youtube Video Dowonloader\MP3 Formate\flask_application\app.py", line 397, in download
    result = download_audio_simple(url)
             ^^^^^^^^^^^^^^^^^^^^^^^^^^
  File "f:\Projects\Youtube Video Dowonloader\MP3 Formate\flask_application\app.py", line 360, in download_audio_simple
    raise Exception(f"Download failed: {error_msg[:100]}")
Exception: Download failed: [0;31mERROR:[0m [youtube] Mah4-EizVe4: Private video. Sign in if you've been granted access to thi

[2025-12-31 13:41:15] Trying simple download for: https://youtu.be/mI14NFv_vCg?si=bFAUjHI_hlbeyg6f
[2026-01-01 12:56:07] [INFO] FFmpeg found at: C:\Users\Owner\AppData\Local\Microsoft\WinGet\Links\ffmpeg.EXE
[2026-01-01 12:56:07] [INFO] Node.js available: v24.12.0
[2026-01-01 12:56:16] [INFO] Node.js available: v24.12.0
[2026-01-01 12:56:16] [INFO] FFmpeg found at: C:\Users\Owner\AppData\Local\Microsoft\WinGet\Links\ffmpeg.EXE
[2026-01-01 12:56:19] [INFO] FFmpeg found at: C:\Users\Owner\AppData\Local\Microsoft\WinGet\Links\ffmpeg.EXE
[2026-01-01 12:56:19] [INFO] Node.js available: v24.12.0
[2026-01-01 12:56:28] [INFO] Node.js available: v24.12.0
[2026-01-01 12:56:28] [INFO] FFmpeg found at: C:\Users\Owner\AppData\Local\Microsoft\WinGet\Links\ffmpeg.EXE
[2026-01-01 12:56:28] [INFO] Node.js available: v24.12.0
[2026-01-01 12:56:28] [INFO] FFmpeg found at: C:\Users\Owner\AppData\Local\Microsoft\WinGet\Links\ffmpeg.EXE
[2026-01-01 12:56:28] [INFO] Node.js available: v24.12.0
[2026-01-01 12:56:28] [INFO] FFmpeg found at: C:\Users\Owner\AppData\Local\Microsoft\WinGet\Links\ffmpeg.EXE
[2026-01-01 12:56:29] [ERROR] 404 error: 404 Not Found: The requested URL was not found on the server. If you entered the URL manually please check your spelling and try again.
Exception: 404 Not Found: The requested URL was not found on the server. If you entered the URL manually please check your spelling and try again.
Traceback: Traceback (most recent call last):
  File "C:\Users\Owner\AppData\Local\Programs\Python\Python312\Lib\site-packages\flask\app.py", line 1484, in full_dispatch_request
    rv = self.dispatch_request()
         ^^^^^^^^^^^^^^^^^^^^^^^
  File "C:\Users\Owner\AppData\Local\Programs\Python\Python312\Lib\site-packages\flask\app.py", line 1458, in dispatch_request
    self.raise_routing_exception(req)
  File "C:\Users\Owner\AppData\Local\Programs\Python\Python312\Lib\site-packages\flask\app.py", line 1440, in raise_routing_exception
    raise request.routing_exception  # type: ignore
    ^^^^^^^^^^^^^^^^^^^^^^^^^^^^^^^
  File "C:\Users\Owner\AppData\Local\Programs\Python\Python312\Lib\site-packages\flask\ctx.py", line 353, in match_request
    result = self.url_adapter.match(return_rule=True)  # type: ignore
             ^^^^^^^^^^^^^^^^^^^^^^^^^^^^^^^^^^^^^^^^
  File "C:\Users\Owner\AppData\Local\Programs\Python\Python312\Lib\site-packages\werkzeug\routing\map.py", line 629, in match
    raise NotFound() from None
werkzeug.exceptions.NotFound: 404 Not Found: The requested URL was not found on the server. If you entered the URL manually please check your spelling and try again.

[2026-01-01 12:56:29] [ERROR] 404 error: 404 Not Found: The requested URL was not found on the server. If you entered the URL manually please check your spelling and try again.
Exception: 404 Not Found: The requested URL was not found on the server. If you entered the URL manually please check your spelling and try again.
Traceback: Traceback (most recent call last):
  File "C:\Users\Owner\AppData\Local\Programs\Python\Python312\Lib\site-packages\flask\app.py", line 1484, in full_dispatch_request
    rv = self.dispatch_request()
         ^^^^^^^^^^^^^^^^^^^^^^^
  File "C:\Users\Owner\AppData\Local\Programs\Python\Python312\Lib\site-packages\flask\app.py", line 1458, in dispatch_request
    self.raise_routing_exception(req)
  File "C:\Users\Owner\AppData\Local\Programs\Python\Python312\Lib\site-packages\flask\app.py", line 1440, in raise_routing_exception
    raise request.routing_exception  # type: ignore
    ^^^^^^^^^^^^^^^^^^^^^^^^^^^^^^^
  File "C:\Users\Owner\AppData\Local\Programs\Python\Python312\Lib\site-packages\flask\ctx.py", line 353, in match_request
    result = self.url_adapter.match(return_rule=True)  # type: ignore
             ^^^^^^^^^^^^^^^^^^^^^^^^^^^^^^^^^^^^^^^^
  File "C:\Users\Owner\AppData\Local\Programs\Python\Python312\Lib\site-packages\werkzeug\routing\map.py", line 629, in match
    raise NotFound() from None
werkzeug.exceptions.NotFound: 404 Not Found: The requested URL was not found on the server. If you entered the URL manually please check your spelling and try again.

[2026-01-01 12:56:36] [INFO] FFmpeg found at: C:\Users\Owner\AppData\Local\Microsoft\WinGet\Links\ffmpeg.EXE
[2026-01-01 12:56:36] [INFO] Node.js available: v24.12.0
[2026-01-01 12:56:46] [INFO] Node.js available: v24.12.0
[2026-01-01 12:56:46] [INFO] FFmpeg found at: C:\Users\Owner\AppData\Local\Microsoft\WinGet\Links\ffmpeg.EXE
[2026-01-06 12:54:02] [INFO] FFmpeg found at: C:\Users\Owner\AppData\Local\Microsoft\WinGet\Links\ffmpeg.EXE
[2026-01-06 12:54:10] [INFO] FFmpeg found at: C:\Users\Owner\AppData\Local\Microsoft\WinGet\Links\ffmpeg.EXE
[2026-01-06 12:54:14] [INFO] FFmpeg found at: C:\Users\Owner\AppData\Local\Microsoft\WinGet\Links\ffmpeg.EXE
[2026-01-06 12:54:22] [INFO] FFmpeg found at: C:\Users\Owner\AppData\Local\Microsoft\WinGet\Links\ffmpeg.EXE
[2026-01-06 12:56:58] [INFO] FFmpeg found at: C:\Users\Owner\AppData\Local\Microsoft\WinGet\Links\ffmpeg.EXE
[2026-01-06 12:57:00] [INFO] FFmpeg found at: C:\Users\Owner\AppData\Local\Microsoft\WinGet\Links\ffmpeg.EXE
[2026-01-06 12:57:30] [INFO] FFmpeg found at: C:\Users\Owner\AppData\Local\Microsoft\WinGet\Links\ffmpeg.EXE
[2026-01-06 12:58:01] [INFO] FFmpeg found at: C:\Users\Owner\AppData\Local\Microsoft\WinGet\Links\ffmpeg.EXE
[2026-01-06 12:58:10] [ERROR] 404 error: 404 Not Found: The requested URL was not found on the server. If you entered the URL manually please check your spelling and try again.
Exception: 404 Not Found: The requested URL was not found on the server. If you entered the URL manually please check your spelling and try again.
Traceback: Traceback (most recent call last):
  File "C:\Users\Owner\AppData\Local\Programs\Python\Python312\Lib\site-packages\flask\app.py", line 1484, in full_dispatch_request
    rv = self.dispatch_request()
         ^^^^^^^^^^^^^^^^^^^^^^^
  File "C:\Users\Owner\AppData\Local\Programs\Python\Python312\Lib\site-packages\flask\app.py", line 1458, in dispatch_request
    self.raise_routing_exception(req)
  File "C:\Users\Owner\AppData\Local\Programs\Python\Python312\Lib\site-packages\flask\app.py", line 1440, in raise_routing_exception
    raise request.routing_exception  # type: ignore
    ^^^^^^^^^^^^^^^^^^^^^^^^^^^^^^^
  File "C:\Users\Owner\AppData\Local\Programs\Python\Python312\Lib\site-packages\flask\ctx.py", line 353, in match_request
    result = self.url_adapter.match(return_rule=True)  # type: ignore
             ^^^^^^^^^^^^^^^^^^^^^^^^^^^^^^^^^^^^^^^^
  File "C:\Users\Owner\AppData\Local\Programs\Python\Python312\Lib\site-packages\werkzeug\routing\map.py", line 629, in match
    raise NotFound() from None
werkzeug.exceptions.NotFound: 404 Not Found: The requested URL was not found on the server. If you entered the URL manually please check your spelling and try again.

[2026-01-06 12:58:15] [INFO] FFmpeg found at: C:\Users\Owner\AppData\Local\Microsoft\WinGet\Links\ffmpeg.EXE
[2026-01-06 12:58:23] [INFO] FFmpeg found at: C:\Users\Owner\AppData\Local\Microsoft\WinGet\Links\ffmpeg.EXE
[2026-01-06 12:58:30] [INFO] FFmpeg found at: C:\Users\Owner\AppData\Local\Microsoft\WinGet\Links\ffmpeg.EXE
[2026-01-06 12:59:01] [INFO] FFmpeg found at: C:\Users\Owner\AppData\Local\Microsoft\WinGet\Links\ffmpeg.EXE
[2026-01-06 12:59:31] [INFO] FFmpeg found at: C:\Users\Owner\AppData\Local\Microsoft\WinGet\Links\ffmpeg.EXE
[2026-01-06 13:00:01] [INFO] FFmpeg found at: C:\Users\Owner\AppData\Local\Microsoft\WinGet\Links\ffmpeg.EXE
[2026-01-06 13:00:31] [INFO] FFmpeg found at: C:\Users\Owner\AppData\Local\Microsoft\WinGet\Links\ffmpeg.EXE
[2026-01-06 13:01:32] [INFO] FFmpeg found at: C:\Users\Owner\AppData\Local\Microsoft\WinGet\Links\ffmpeg.EXE
[2026-01-06 13:02:33] [INFO] FFmpeg found at: C:\Users\Owner\AppData\Local\Microsoft\WinGet\Links\ffmpeg.EXE
[2026-01-06 13:03:34] [INFO] FFmpeg found at: C:\Users\Owner\AppData\Local\Microsoft\WinGet\Links\ffmpeg.EXE
[2026-01-06 13:04:35] [INFO] FFmpeg found at: C:\Users\Owner\AppData\Local\Microsoft\WinGet\Links\ffmpeg.EXE
[2026-01-06 13:05:36] [INFO] FFmpeg found at: C:\Users\Owner\AppData\Local\Microsoft\WinGet\Links\ffmpeg.EXE
[2026-01-06 13:06:37] [INFO] FFmpeg found at: C:\Users\Owner\AppData\Local\Microsoft\WinGet\Links\ffmpeg.EXE
[2026-01-06 13:07:38] [INFO] FFmpeg found at: C:\Users\Owner\AppData\Local\Microsoft\WinGet\Links\ffmpeg.EXE
[2026-01-06 13:08:39] [INFO] FFmpeg found at: C:\Users\Owner\AppData\Local\Microsoft\WinGet\Links\ffmpeg.EXE
[2026-01-06 13:09:40] [INFO] FFmpeg found at: C:\Users\Owner\AppData\Local\Microsoft\WinGet\Links\ffmpeg.EXE
[2026-01-06 13:10:41] [INFO] FFmpeg found at: C:\Users\Owner\AppData\Local\Microsoft\WinGet\Links\ffmpeg.EXE
[2026-01-06 13:11:23] [INFO] FFmpeg found at: C:\Users\Owner\AppData\Local\Microsoft\WinGet\Links\ffmpeg.EXE
[2026-01-06 13:11:29] [INFO] FFmpeg found at: C:\Users\Owner\AppData\Local\Microsoft\WinGet\Links\ffmpeg.EXE
[2026-01-06 13:12:01] [INFO] FFmpeg found at: C:\Users\Owner\AppData\Local\Microsoft\WinGet\Links\ffmpeg.EXE
[2026-01-06 13:12:30] [INFO] FFmpeg found at: C:\Users\Owner\AppData\Local\Microsoft\WinGet\Links\ffmpeg.EXE
[2026-01-06 13:13:05] [INFO] FFmpeg found at: C:\Users\Owner\AppData\Local\Microsoft\WinGet\Links\ffmpeg.EXE
[2026-01-06 13:13:31] [INFO] FFmpeg found at: C:\Users\Owner\AppData\Local\Microsoft\WinGet\Links\ffmpeg.EXE
[2026-01-06 13:14:00] [INFO] FFmpeg found at: C:\Users\Owner\AppData\Local\Microsoft\WinGet\Links\ffmpeg.EXE
[2026-01-06 13:14:31] [INFO] FFmpeg found at: C:\Users\Owner\AppData\Local\Microsoft\WinGet\Links\ffmpeg.EXE
[2026-01-06 13:15:32] [INFO] FFmpeg found at: C:\Users\Owner\AppData\Local\Microsoft\WinGet\Links\ffmpeg.EXE
[2026-01-06 13:16:33] [INFO] FFmpeg found at: C:\Users\Owner\AppData\Local\Microsoft\WinGet\Links\ffmpeg.EXE
[2026-01-06 13:17:34] [INFO] FFmpeg found at: C:\Users\Owner\AppData\Local\Microsoft\WinGet\Links\ffmpeg.EXE
[2026-01-06 13:18:35] [INFO] FFmpeg found at: C:\Users\Owner\AppData\Local\Microsoft\WinGet\Links\ffmpeg.EXE
[2026-01-06 13:19:36] [INFO] FFmpeg found at: C:\Users\Owner\AppData\Local\Microsoft\WinGet\Links\ffmpeg.EXE
[2026-01-06 13:20:30] [INFO] FFmpeg found at: C:\Users\Owner\AppData\Local\Microsoft\WinGet\Links\ffmpeg.EXE
[2026-01-06 13:20:31] [INFO] FFmpeg found at: C:\Users\Owner\AppData\Local\Microsoft\WinGet\Links\ffmpeg.EXE
[2026-01-06 13:20:33] [INFO] FFmpeg found at: C:\Users\Owner\AppData\Local\Microsoft\WinGet\Links\ffmpeg.EXE
[2026-01-06 13:20:38] [INFO] FFmpeg found at: C:\Users\Owner\AppData\Local\Microsoft\WinGet\Links\ffmpeg.EXE
[2026-01-06 13:20:52] [ERROR] 404 error: 404 Not Found: The requested URL was not found on the server. If you entered the URL manually please check your spelling and try again.
Exception: 404 Not Found: The requested URL was not found on the server. If you entered the URL manually please check your spelling and try again.
Traceback: Traceback (most recent call last):
  File "C:\Users\Owner\AppData\Local\Programs\Python\Python312\Lib\site-packages\flask\app.py", line 1484, in full_dispatch_request
    rv = self.dispatch_request()
         ^^^^^^^^^^^^^^^^^^^^^^^
  File "C:\Users\Owner\AppData\Local\Programs\Python\Python312\Lib\site-packages\flask\app.py", line 1458, in dispatch_request
    self.raise_routing_exception(req)
  File "C:\Users\Owner\AppData\Local\Programs\Python\Python312\Lib\site-packages\flask\app.py", line 1440, in raise_routing_exception
    raise request.routing_exception  # type: ignore
    ^^^^^^^^^^^^^^^^^^^^^^^^^^^^^^^
  File "C:\Users\Owner\AppData\Local\Programs\Python\Python312\Lib\site-packages\flask\ctx.py", line 353, in match_request
    result = self.url_adapter.match(return_rule=True)  # type: ignore
             ^^^^^^^^^^^^^^^^^^^^^^^^^^^^^^^^^^^^^^^^
  File "C:\Users\Owner\AppData\Local\Programs\Python\Python312\Lib\site-packages\werkzeug\routing\map.py", line 629, in match
    raise NotFound() from None
werkzeug.exceptions.NotFound: 404 Not Found: The requested URL was not found on the server. If you entered the URL manually please check your spelling and try again.

[2026-01-06 13:21:03] [INFO] FFmpeg found at: C:\Users\Owner\AppData\Local\Microsoft\WinGet\Links\ffmpeg.EXE
[2026-01-06 13:21:32] [INFO] FFmpeg found at: C:\Users\Owner\AppData\Local\Microsoft\WinGet\Links\ffmpeg.EXE
[2026-01-06 13:21:38] [INFO] FFmpeg found at: C:\Users\Owner\AppData\Local\Microsoft\WinGet\Links\ffmpeg.EXE
[2026-01-06 13:21:38] [INFO] Starting download for URL: https://youtu.be/6T_WwznS-pU?si=aWMWyto613s7Yevg...
[2026-01-06 13:21:38] [INFO] Quality: 128kbps
[2026-01-06 13:21:46] [INFO] Downloading: Heart Touching Dua - Ae Mola Meray Sun Meri Sada - Hafiz M Sohail - Peace Studio
[2026-01-06 13:22:03] [INFO] FFmpeg found at: C:\Users\Owner\AppData\Local\Microsoft\WinGet\Links\ffmpeg.EXE
[2026-01-06 13:22:33] [INFO] FFmpeg found at: C:\Users\Owner\AppData\Local\Microsoft\WinGet\Links\ffmpeg.EXE
[2026-01-06 13:22:35] [INFO] Download completed: Heart Touching Dua - Ae Mola Meray Sun Meri Sada - Hafiz M Sohail - Peace Studio (6.1MB)
[2026-01-06 13:22:35] [INFO] Download completed successfully: 38e685a0-cf46-4656-a3db-a659c81c29e9
[2026-01-06 13:23:04] [INFO] FFmpeg found at: C:\Users\Owner\AppData\Local\Microsoft\WinGet\Links\ffmpeg.EXE
[2026-01-06 13:23:07] [INFO] FFmpeg found at: C:\Users\Owner\AppData\Local\Microsoft\WinGet\Links\ffmpeg.EXE
[2026-01-06 13:23:08] [INFO] FFmpeg found at: C:\Users\Owner\AppData\Local\Microsoft\WinGet\Links\ffmpeg.EXE
[2026-01-06 13:23:15] [INFO] Cleanup completed: 0 files removed
[2026-01-06 13:23:16] [INFO] FFmpeg found at: C:\Users\Owner\AppData\Local\Microsoft\WinGet\Links\ffmpeg.EXE
[2026-01-06 13:23:39] [INFO] FFmpeg found at: C:\Users\Owner\AppData\Local\Microsoft\WinGet\Links\ffmpeg.EXE
[2026-01-06 13:24:09] [INFO] FFmpeg found at: C:\Users\Owner\AppData\Local\Microsoft\WinGet\Links\ffmpeg.EXE
[2026-01-06 13:24:39] [INFO] FFmpeg found at: C:\Users\Owner\AppData\Local\Microsoft\WinGet\Links\ffmpeg.EXE
[2026-01-06 13:25:09] [INFO] FFmpeg found at: C:\Users\Owner\AppData\Local\Microsoft\WinGet\Links\ffmpeg.EXE
[2026-01-06 13:25:39] [INFO] FFmpeg found at: C:\Users\Owner\AppData\Local\Microsoft\WinGet\Links\ffmpeg.EXE
[2026-01-06 13:26:09] [INFO] FFmpeg found at: C:\Users\Owner\AppData\Local\Microsoft\WinGet\Links\ffmpeg.EXE
[2026-01-06 13:26:39] [INFO] FFmpeg found at: C:\Users\Owner\AppData\Local\Microsoft\WinGet\Links\ffmpeg.EXE
[2026-01-06 13:27:08] [INFO] FFmpeg found at: C:\Users\Owner\AppData\Local\Microsoft\WinGet\Links\ffmpeg.EXE
[2026-01-06 13:27:39] [INFO] FFmpeg found at: C:\Users\Owner\AppData\Local\Microsoft\WinGet\Links\ffmpeg.EXE
[2026-01-06 13:28:09] [INFO] FFmpeg found at: C:\Users\Owner\AppData\Local\Microsoft\WinGet\Links\ffmpeg.EXE
[2026-01-06 13:28:53] [INFO] FFmpeg found at: C:\Users\Owner\AppData\Local\Microsoft\WinGet\Links\ffmpeg.EXE
[2026-01-06 13:29:53] [INFO] FFmpeg found at: C:\Users\Owner\AppData\Local\Microsoft\WinGet\Links\ffmpeg.EXE
[2026-01-06 13:30:53] [INFO] FFmpeg found at: C:\Users\Owner\AppData\Local\Microsoft\WinGet\Links\ffmpeg.EXE
[2026-01-06 13:31:52] [INFO] FFmpeg found at: C:\Users\Owner\AppData\Local\Microsoft\WinGet\Links\ffmpeg.EXE
[2026-01-06 13:32:53] [INFO] FFmpeg found at: C:\Users\Owner\AppData\Local\Microsoft\WinGet\Links\ffmpeg.EXE
[2026-01-06 13:33:01] [INFO] FFmpeg found at: C:\Users\Owner\AppData\Local\Microsoft\WinGet\Links\ffmpeg.EXE
[2026-01-06 13:33:02] [INFO] FFmpeg found at: C:\Users\Owner\AppData\Local\Microsoft\WinGet\Links\ffmpeg.EXE
[2026-01-06 13:33:32] [INFO] FFmpeg found at: C:\Users\Owner\AppData\Local\Microsoft\WinGet\Links\ffmpeg.EXE
[2026-01-06 13:34:02] [INFO] FFmpeg found at: C:\Users\Owner\AppData\Local\Microsoft\WinGet\Links\ffmpeg.EXE
[2026-01-06 13:34:32] [INFO] FFmpeg found at: C:\Users\Owner\AppData\Local\Microsoft\WinGet\Links\ffmpeg.EXE
[2026-01-06 13:34:32] [INFO] FFmpeg found at: C:\Users\Owner\AppData\Local\Microsoft\WinGet\Links\ffmpeg.EXE
[2026-01-06 13:34:34] [INFO] FFmpeg found at: C:\Users\Owner\AppData\Local\Microsoft\WinGet\Links\ffmpeg.EXE
[2026-01-06 13:35:03] [INFO] FFmpeg found at: C:\Users\Owner\AppData\Local\Microsoft\WinGet\Links\ffmpeg.EXE
[2026-01-06 13:35:19] [INFO] FFmpeg found at: C:\Users\Owner\AppData\Local\Microsoft\WinGet\Links\ffmpeg.EXE
[2026-01-06 13:35:30] [INFO] FFmpeg found at: C:\Users\Owner\AppData\Local\Microsoft\WinGet\Links\ffmpeg.EXE
[2026-01-06 13:35:36] [INFO] FFmpeg found at: C:\Users\Owner\AppData\Local\Microsoft\WinGet\Links\ffmpeg.EXE
[2026-01-06 13:35:45] [INFO] FFmpeg found at: C:\Users\Owner\AppData\Local\Microsoft\WinGet\Links\ffmpeg.EXE
[2026-01-06 13:35:45] [INFO] FFmpeg found at: C:\Users\Owner\AppData\Local\Microsoft\WinGet\Links\ffmpeg.EXE
[2026-01-06 13:35:58] [INFO] FFmpeg found at: C:\Users\Owner\AppData\Local\Microsoft\WinGet\Links\ffmpeg.EXE
[2026-01-06 13:36:08] [INFO] FFmpeg found at: C:\Users\Owner\AppData\Local\Microsoft\WinGet\Links\ffmpeg.EXE
[2026-01-06 13:36:08] [INFO] FFmpeg found at: C:\Users\Owner\AppData\Local\Microsoft\WinGet\Links\ffmpeg.EXE
[2026-01-06 13:36:17] [INFO] FFmpeg found at: C:\Users\Owner\AppData\Local\Microsoft\WinGet\Links\ffmpeg.EXE
[2026-01-06 13:36:26] [INFO] FFmpeg found at: C:\Users\Owner\AppData\Local\Microsoft\WinGet\Links\ffmpeg.EXE
[2026-01-06 13:36:30] [INFO] FFmpeg found at: C:\Users\Owner\AppData\Local\Microsoft\WinGet\Links\ffmpeg.EXE
[2026-01-06 13:36:36] [INFO] FFmpeg found at: C:\Users\Owner\AppData\Local\Microsoft\WinGet\Links\ffmpeg.EXE
[2026-01-06 13:36:36] [INFO] FFmpeg found at: C:\Users\Owner\AppData\Local\Microsoft\WinGet\Links\ffmpeg.EXE
[2026-01-06 13:39:55] [INFO] FFmpeg found at: C:\Users\Owner\AppData\Local\Microsoft\WinGet\Links\ffmpeg.EXE
[2026-01-06 13:40:02] [INFO] FFmpeg found at: C:\Users\Owner\AppData\Local\Microsoft\WinGet\Links\ffmpeg.EXE
[2026-01-06 13:40:04] [INFO] FFmpeg found at: C:\Users\Owner\AppData\Local\Microsoft\WinGet\Links\ffmpeg.EXE
[2026-01-06 13:40:10] [INFO] FFmpeg found at: C:\Users\Owner\AppData\Local\Microsoft\WinGet\Links\ffmpeg.EXE
[2026-01-06 13:40:30] [INFO] FFmpeg found at: C:\Users\Owner\AppData\Local\Microsoft\WinGet\Links\ffmpeg.EXE
[2026-01-06 13:40:32] [INFO] FFmpeg found at: C:\Users\Owner\AppData\Local\Microsoft\WinGet\Links\ffmpeg.EXE
[2026-01-06 13:40:39] [INFO] FFmpeg found at: C:\Users\Owner\AppData\Local\Microsoft\WinGet\Links\ffmpeg.EXE
[2026-01-06 13:41:30] [INFO] FFmpeg found at: C:\Users\Owner\AppData\Local\Microsoft\WinGet\Links\ffmpeg.EXE
[2026-01-06 13:41:31] [INFO] FFmpeg found at: C:\Users\Owner\AppData\Local\Microsoft\WinGet\Links\ffmpeg.EXE
[2026-01-06 13:41:52] [INFO] FFmpeg found at: C:\Users\Owner\AppData\Local\Microsoft\WinGet\Links\ffmpeg.EXE
[2026-01-06 13:42:01] [INFO] FFmpeg found at: C:\Users\Owner\AppData\Local\Microsoft\WinGet\Links\ffmpeg.EXE
[2026-01-06 13:42:01] [INFO] FFmpeg found at: C:\Users\Owner\AppData\Local\Microsoft\WinGet\Links\ffmpeg.EXE
[2026-01-06 13:42:01] [INFO] FFmpeg found at: C:\Users\Owner\AppData\Local\Microsoft\WinGet\Links\ffmpeg.EXE
[2026-01-06 13:42:02] [INFO] FFmpeg found at: C:\Users\Owner\AppData\Local\Microsoft\WinGet\Links\ffmpeg.EXE
[2026-01-06 13:42:20] [INFO] FFmpeg found at: C:\Users\Owner\AppData\Local\Microsoft\WinGet\Links\ffmpeg.EXE
[2026-01-06 13:42:27] [INFO] FFmpeg found at: C:\Users\Owner\AppData\Local\Microsoft\WinGet\Links\ffmpeg.EXE
[2026-01-06 13:42:27] [INFO] FFmpeg found at: C:\Users\Owner\AppData\Local\Microsoft\WinGet\Links\ffmpeg.EXE
[2026-01-06 13:42:28] [INFO] FFmpeg found at: C:\Users\Owner\AppData\Local\Microsoft\WinGet\Links\ffmpeg.EXE
[2026-01-06 13:42:59] [INFO] FFmpeg found at: C:\Users\Owner\AppData\Local\Microsoft\WinGet\Links\ffmpeg.EXE
[2026-01-06 13:43:29] [INFO] FFmpeg found at: C:\Users\Owner\AppData\Local\Microsoft\WinGet\Links\ffmpeg.EXE
[2026-01-06 13:43:59] [INFO] FFmpeg found at: C:\Users\Owner\AppData\Local\Microsoft\WinGet\Links\ffmpeg.EXE
[2026-01-06 13:44:29] [INFO] FFmpeg found at: C:\Users\Owner\AppData\Local\Microsoft\WinGet\Links\ffmpeg.EXE
[2026-01-06 13:44:59] [INFO] FFmpeg found at: C:\Users\Owner\AppData\Local\Microsoft\WinGet\Links\ffmpeg.EXE
[2026-01-06 13:45:29] [INFO] FFmpeg found at: C:\Users\Owner\AppData\Local\Microsoft\WinGet\Links\ffmpeg.EXE
[2026-01-06 13:45:59] [INFO] FFmpeg found at: C:\Users\Owner\AppData\Local\Microsoft\WinGet\Links\ffmpeg.EXE
[2026-01-06 13:46:53] [INFO] FFmpeg found at: C:\Users\Owner\AppData\Local\Microsoft\WinGet\Links\ffmpeg.EXE
[2026-01-06 13:47:53] [INFO] FFmpeg found at: C:\Users\Owner\AppData\Local\Microsoft\WinGet\Links\ffmpeg.EXE
[2026-01-06 13:48:53] [INFO] FFmpeg found at: C:\Users\Owner\AppData\Local\Microsoft\WinGet\Links\ffmpeg.EXE
[2026-01-06 13:49:45] [INFO] FFmpeg found at: C:\Users\Owner\AppData\Local\Microsoft\WinGet\Links\ffmpeg.EXE
[2026-01-06 13:49:59] [INFO] FFmpeg found at: C:\Users\Owner\AppData\Local\Microsoft\WinGet\Links\ffmpeg.EXE
[2026-01-06 13:50:29] [INFO] FFmpeg found at: C:\Users\Owner\AppData\Local\Microsoft\WinGet\Links\ffmpeg.EXE
[2026-01-06 13:51:30] [INFO] FFmpeg found at: C:\Users\Owner\AppData\Local\Microsoft\WinGet\Links\ffmpeg.EXE
[2026-01-06 13:52:21] [INFO] FFmpeg found at: C:\Users\Owner\AppData\Local\Microsoft\WinGet\Links\ffmpeg.EXE
[2026-01-06 13:52:28] [INFO] FFmpeg found at: C:\Users\Owner\AppData\Local\Microsoft\WinGet\Links\ffmpeg.EXE
[2026-01-06 13:52:59] [INFO] FFmpeg found at: C:\Users\Owner\AppData\Local\Microsoft\WinGet\Links\ffmpeg.EXE
[2026-01-06 13:53:53] [INFO] FFmpeg found at: C:\Users\Owner\AppData\Local\Microsoft\WinGet\Links\ffmpeg.EXE
[2026-01-06 13:54:25] [INFO] FFmpeg found at: C:\Users\Owner\AppData\Local\Microsoft\WinGet\Links\ffmpeg.EXE
[2026-01-06 13:54:29] [INFO] FFmpeg found at: C:\Users\Owner\AppData\Local\Microsoft\WinGet\Links\ffmpeg.EXE
[2026-01-06 13:54:59] [INFO] FFmpeg found at: C:\Users\Owner\AppData\Local\Microsoft\WinGet\Links\ffmpeg.EXE
[2026-01-06 13:55:53] [INFO] FFmpeg found at: C:\Users\Owner\AppData\Local\Microsoft\WinGet\Links\ffmpeg.EXE
[2026-01-06 13:56:53] [INFO] FFmpeg found at: C:\Users\Owner\AppData\Local\Microsoft\WinGet\Links\ffmpeg.EXE
[2026-01-06 13:57:53] [INFO] FFmpeg found at: C:\Users\Owner\AppData\Local\Microsoft\WinGet\Links\ffmpeg.EXE
[2026-01-06 13:58:53] [INFO] FFmpeg found at: C:\Users\Owner\AppData\Local\Microsoft\WinGet\Links\ffmpeg.EXE
[2026-01-06 13:59:53] [INFO] FFmpeg found at: C:\Users\Owner\AppData\Local\Microsoft\WinGet\Links\ffmpeg.EXE
[2026-01-06 14:00:53] [INFO] FFmpeg found at: C:\Users\Owner\AppData\Local\Microsoft\WinGet\Links\ffmpeg.EXE
[2026-01-06 14:01:53] [INFO] FFmpeg found at: C:\Users\Owner\AppData\Local\Microsoft\WinGet\Links\ffmpeg.EXE
[2026-01-06 14:02:53] [INFO] FFmpeg found at: C:\Users\Owner\AppData\Local\Microsoft\WinGet\Links\ffmpeg.EXE
[2026-01-06 14:03:53] [INFO] FFmpeg found at: C:\Users\Owner\AppData\Local\Microsoft\WinGet\Links\ffmpeg.EXE
[2026-01-06 14:04:53] [INFO] FFmpeg found at: C:\Users\Owner\AppData\Local\Microsoft\WinGet\Links\ffmpeg.EXE
[2026-01-06 14:05:37] [INFO] FFmpeg found at: C:\Users\Owner\AppData\Local\Microsoft\WinGet\Links\ffmpeg.EXE
[2026-01-06 14:05:58] [INFO] FFmpeg found at: C:\Users\Owner\AppData\Local\Microsoft\WinGet\Links\ffmpeg.EXE
[2026-01-06 14:06:29] [INFO] FFmpeg found at: C:\Users\Owner\AppData\Local\Microsoft\WinGet\Links\ffmpeg.EXE
[2026-01-06 14:06:59] [INFO] FFmpeg found at: C:\Users\Owner\AppData\Local\Microsoft\WinGet\Links\ffmpeg.EXE
[2026-01-06 14:07:29] [INFO] FFmpeg found at: C:\Users\Owner\AppData\Local\Microsoft\WinGet\Links\ffmpeg.EXE
[2026-01-06 14:07:59] [INFO] FFmpeg found at: C:\Users\Owner\AppData\Local\Microsoft\WinGet\Links\ffmpeg.EXE
[2026-01-06 14:08:53] [INFO] FFmpeg found at: C:\Users\Owner\AppData\Local\Microsoft\WinGet\Links\ffmpeg.EXE
[2026-01-06 14:09:53] [INFO] FFmpeg found at: C:\Users\Owner\AppData\Local\Microsoft\WinGet\Links\ffmpeg.EXE
[2026-01-06 14:10:53] [INFO] FFmpeg found at: C:\Users\Owner\AppData\Local\Microsoft\WinGet\Links\ffmpeg.EXE
[2026-01-06 14:11:52] [INFO] FFmpeg found at: C:\Users\Owner\AppData\Local\Microsoft\WinGet\Links\ffmpeg.EXE
[2026-01-06 14:12:07] [INFO] FFmpeg found at: C:\Users\Owner\AppData\Local\Microsoft\WinGet\Links\ffmpeg.EXE
[2026-01-06 14:12:28] [INFO] FFmpeg found at: C:\Users\Owner\AppData\Local\Microsoft\WinGet\Links\ffmpeg.EXE
